numpy 2.4.6, pandas 3.0.3, torch 2.13.0+cpu
pyod 3.6.1; torch threads = 1
10 dataset files: ['d_1000_rep1.csv', 'd_100_rep1.csv', 'd_10_rep1.csv', 'd_500_rep1.csv', 'd_50_rep1.csv', 'n_1000_rep1.csv', 'n_2000_rep1.csv', 'n_250_rep1.csv', 'n_4000_rep1.csv', 'n_500_rep1.csv']

==== d_1000_rep1.csv (grid=d, cell=1000, n=1000, d=1000) ====
  ECOD         rep 1/10 fit=1.521s [OK]
  ECOD         rep 2/10 fit=0.098s [OK]
  ECOD         rep 3/10 fit=0.101s [OK]
  ECOD         rep 4/10 fit=0.098s [OK]
  ECOD         rep 5/10 fit=0.099s [OK]
  ECOD         rep 6/10 fit=0.100s [OK]
  ECOD         rep 7/10 fit=0.103s [OK]
  ECOD         rep 8/10 fit=0.105s [OK]
  ECOD         rep 9/10 fit=0.101s [OK]
  ECOD         rep 10/10 fit=0.099s [OK]
  LUNAR        rep 1/10 fit=6.520s [OK]
  LUNAR        rep 2/10 fit=4.152s [OK]
  LUNAR        rep 3/10 fit=4.327s [OK]
  LUNAR        rep 4/10 fit=4.466s [OK]
  LUNAR        rep 5/10 fit=4.391s [OK]
  LUNAR        rep 6/10 fit=4.401s [OK]
  LUNAR        rep 7/10 fit=4.372s [OK]
  LUNAR        rep 8/10 fit=4.234s [OK]
  LUNAR        rep 9/10 fit=4.201s [OK]
  LUNAR        rep 10/10 fit=4.041s [OK]
  AutoEncoder  rep 1/10 fit=1.447s [OK]
  AutoEncoder  rep 2/10 fit=0.414s [OK]
  AutoEncoder  rep 3/10 fit=0.433s [OK]
  AutoEncoder  rep 4/10 fit=0.435s [OK]
  AutoEncoder  rep 5/10 fit=0.415s [OK]
  AutoEncoder  rep 6/10 fit=0.442s [OK]
  AutoEncoder  rep 7/10 fit=0.419s [OK]
  AutoEncoder  rep 8/10 fit=0.420s [OK]
  AutoEncoder  rep 9/10 fit=0.413s [OK]
  AutoEncoder  rep 10/10 fit=0.417s [OK]

==== d_100_rep1.csv (grid=d, cell=100, n=1000, d=100) ====
  ECOD         rep 1/10 fit=0.009s [OK]
  ECOD         rep 2/10 fit=0.006s [OK]
  ECOD         rep 3/10 fit=0.006s [OK]
  ECOD         rep 4/10 fit=0.006s [OK]
  ECOD         rep 5/10 fit=0.006s [OK]
  ECOD         rep 6/10 fit=0.006s [OK]
  ECOD         rep 7/10 fit=0.006s [OK]
  ECOD         rep 8/10 fit=0.006s [OK]
  ECOD         rep 9/10 fit=0.006s [OK]
  ECOD         rep 10/10 fit=0.006s [OK]
  LUNAR        rep 1/10 fit=3.830s [OK]
  LUNAR        rep 2/10 fit=4.088s [OK]
  LUNAR        rep 3/10 fit=3.985s [OK]
  LUNAR        rep 4/10 fit=3.972s [OK]
  LUNAR        rep 5/10 fit=3.886s [OK]
  LUNAR        rep 6/10 fit=3.949s [OK]
  LUNAR        rep 7/10 fit=3.838s [OK]
  LUNAR        rep 8/10 fit=4.037s [OK]
  LUNAR        rep 9/10 fit=4.025s [OK]
  LUNAR        rep 10/10 fit=4.038s [OK]
  AutoEncoder  rep 1/10 fit=0.288s [OK]
  AutoEncoder  rep 2/10 fit=0.274s [OK]
  AutoEncoder  rep 3/10 fit=0.281s [OK]
  AutoEncoder  rep 4/10 fit=0.319s [OK]
  AutoEncoder  rep 5/10 fit=0.288s [OK]
  AutoEncoder  rep 6/10 fit=0.282s [OK]
  AutoEncoder  rep 7/10 fit=0.321s [OK]
  AutoEncoder  rep 8/10 fit=0.279s [OK]
  AutoEncoder  rep 9/10 fit=0.290s [OK]
  AutoEncoder  rep 10/10 fit=0.269s [OK]

==== d_10_rep1.csv (grid=d, cell=10, n=1000, d=10) ====
  ECOD         rep 1/10 fit=0.001s [OK]
  ECOD         rep 2/10 fit=0.001s [OK]
  ECOD         rep 3/10 fit=0.001s [OK]
  ECOD         rep 4/10 fit=0.001s [OK]
  ECOD         rep 5/10 fit=0.001s [OK]
  ECOD         rep 6/10 fit=0.001s [OK]
  ECOD         rep 7/10 fit=0.001s [OK]
  ECOD         rep 8/10 fit=0.001s [OK]
  ECOD         rep 9/10 fit=0.001s [OK]
  ECOD         rep 10/10 fit=0.001s [OK]
  LUNAR        rep 1/10 fit=3.869s [OK]
  LUNAR        rep 2/10 fit=3.978s [OK]
  LUNAR        rep 3/10 fit=4.061s [OK]
  LUNAR        rep 4/10 fit=3.940s [OK]
  LUNAR        rep 5/10 fit=4.018s [OK]
  LUNAR        rep 6/10 fit=3.945s [OK]
  LUNAR        rep 7/10 fit=3.953s [OK]
  LUNAR        rep 8/10 fit=4.064s [OK]
  LUNAR        rep 9/10 fit=3.996s [OK]
  LUNAR        rep 10/10 fit=4.082s [OK]
  AutoEncoder  rep 1/10 fit=0.299s [OK]
  AutoEncoder  rep 2/10 fit=0.269s [OK]
  AutoEncoder  rep 3/10 fit=0.268s [OK]
  AutoEncoder  rep 4/10 fit=0.266s [OK]
  AutoEncoder  rep 5/10 fit=0.269s [OK]
  AutoEncoder  rep 6/10 fit=0.280s [OK]
  AutoEncoder  rep 7/10 fit=0.269s [OK]
  AutoEncoder  rep 8/10 fit=0.282s [OK]
  AutoEncoder  rep 9/10 fit=0.265s [OK]
  AutoEncoder  rep 10/10 fit=0.268s [OK]

==== d_500_rep1.csv (grid=d, cell=500, n=1000, d=500) ====
  ECOD         rep 1/10 fit=0.047s [OK]
  ECOD         rep 2/10 fit=0.050s [OK]
  ECOD         rep 3/10 fit=0.048s [OK]
  ECOD         rep 4/10 fit=0.048s [OK]
  ECOD         rep 5/10 fit=0.049s [OK]
  ECOD         rep 6/10 fit=0.051s [OK]
  ECOD         rep 7/10 fit=0.047s [OK]
  ECOD         rep 8/10 fit=0.048s [OK]
  ECOD         rep 9/10 fit=0.047s [OK]
  ECOD         rep 10/10 fit=0.048s [OK]
  LUNAR        rep 1/10 fit=3.974s [OK]
  LUNAR        rep 2/10 fit=4.050s [OK]
  LUNAR        rep 3/10 fit=3.885s [OK]
  LUNAR        rep 4/10 fit=3.938s [OK]
  LUNAR        rep 5/10 fit=3.863s [OK]
  LUNAR        rep 6/10 fit=3.850s [OK]
  LUNAR        rep 7/10 fit=3.874s [OK]
  LUNAR        rep 8/10 fit=3.865s [OK]
  LUNAR        rep 9/10 fit=3.961s [OK]
  LUNAR        rep 10/10 fit=4.024s [OK]
  AutoEncoder  rep 1/10 fit=0.347s [OK]
  AutoEncoder  rep 2/10 fit=0.335s [OK]
  AutoEncoder  rep 3/10 fit=0.329s [OK]
  AutoEncoder  rep 4/10 fit=0.352s [OK]
  AutoEncoder  rep 5/10 fit=0.344s [OK]
  AutoEncoder  rep 6/10 fit=0.341s [OK]
  AutoEncoder  rep 7/10 fit=0.344s [OK]
  AutoEncoder  rep 8/10 fit=0.334s [OK]
  AutoEncoder  rep 9/10 fit=0.340s [OK]
  AutoEncoder  rep 10/10 fit=0.340s [OK]

==== d_50_rep1.csv (grid=d, cell=50, n=1000, d=50) ====
  ECOD         rep 1/10 fit=0.003s [OK]
  ECOD         rep 2/10 fit=0.003s [OK]
  ECOD         rep 3/10 fit=0.003s [OK]
  ECOD         rep 4/10 fit=0.003s [OK]
  ECOD         rep 5/10 fit=0.003s [OK]
  ECOD         rep 6/10 fit=0.003s [OK]
  ECOD         rep 7/10 fit=0.003s [OK]
  ECOD         rep 8/10 fit=0.003s [OK]
  ECOD         rep 9/10 fit=0.003s [OK]
  ECOD         rep 10/10 fit=0.003s [OK]
  LUNAR        rep 1/10 fit=3.840s [OK]
  LUNAR        rep 2/10 fit=3.941s [OK]
  LUNAR        rep 3/10 fit=4.410s [OK]
  LUNAR        rep 4/10 fit=5.311s [OK]
  LUNAR        rep 5/10 fit=5.349s [OK]
  LUNAR        rep 6/10 fit=5.181s [OK]
  LUNAR        rep 7/10 fit=4.735s [OK]
  LUNAR        rep 8/10 fit=4.923s [OK]
  LUNAR        rep 9/10 fit=4.801s [OK]
  LUNAR        rep 10/10 fit=4.934s [OK]
  AutoEncoder  rep 1/10 fit=0.386s [OK]
  AutoEncoder  rep 2/10 fit=0.362s [OK]
  AutoEncoder  rep 3/10 fit=0.284s [OK]
  AutoEncoder  rep 4/10 fit=0.365s [OK]
  AutoEncoder  rep 5/10 fit=0.386s [OK]
  AutoEncoder  rep 6/10 fit=0.390s [OK]
  AutoEncoder  rep 7/10 fit=0.404s [OK]
  AutoEncoder  rep 8/10 fit=0.406s [OK]
  AutoEncoder  rep 9/10 fit=0.347s [OK]
  AutoEncoder  rep 10/10 fit=0.297s [OK]

==== n_1000_rep1.csv (grid=n, cell=1000, n=1000, d=20) ====
  ECOD         rep 1/10 fit=0.004s [OK]
  ECOD         rep 2/10 fit=0.003s [OK]
  ECOD         rep 3/10 fit=0.003s [OK]
  ECOD         rep 4/10 fit=0.003s [OK]
  ECOD         rep 5/10 fit=0.003s [OK]
  ECOD         rep 6/10 fit=0.003s [OK]
  ECOD         rep 7/10 fit=0.003s [OK]
  ECOD         rep 8/10 fit=0.003s [OK]
  ECOD         rep 9/10 fit=0.003s [OK]
  ECOD         rep 10/10 fit=0.003s [OK]
  LUNAR        rep 1/10 fit=5.325s [OK]
  LUNAR        rep 2/10 fit=4.922s [OK]
  LUNAR        rep 3/10 fit=5.316s [OK]
  LUNAR        rep 4/10 fit=4.770s [OK]
  LUNAR        rep 5/10 fit=4.781s [OK]
  LUNAR        rep 6/10 fit=4.845s [OK]
  LUNAR        rep 7/10 fit=4.682s [OK]
  LUNAR        rep 8/10 fit=5.203s [OK]
  LUNAR        rep 9/10 fit=5.078s [OK]
  LUNAR        rep 10/10 fit=4.946s [OK]
  AutoEncoder  rep 1/10 fit=0.340s [OK]
  AutoEncoder  rep 2/10 fit=0.279s [OK]
  AutoEncoder  rep 3/10 fit=0.364s [OK]
  AutoEncoder  rep 4/10 fit=0.397s [OK]
  AutoEncoder  rep 5/10 fit=0.401s [OK]
  AutoEncoder  rep 6/10 fit=0.391s [OK]
  AutoEncoder  rep 7/10 fit=0.361s [OK]
  AutoEncoder  rep 8/10 fit=0.330s [OK]
  AutoEncoder  rep 9/10 fit=0.322s [OK]
  AutoEncoder  rep 10/10 fit=0.390s [OK]

==== n_2000_rep1.csv (grid=n, cell=2000, n=2000, d=20) ====
  ECOD         rep 1/10 fit=0.005s [OK]
  ECOD         rep 2/10 fit=0.004s [OK]
  ECOD         rep 3/10 fit=0.004s [OK]
  ECOD         rep 4/10 fit=0.004s [OK]
  ECOD         rep 5/10 fit=0.005s [OK]
  ECOD         rep 6/10 fit=0.005s [OK]
  ECOD         rep 7/10 fit=0.004s [OK]
  ECOD         rep 8/10 fit=0.004s [OK]
  ECOD         rep 9/10 fit=0.004s [OK]
  ECOD         rep 10/10 fit=0.004s [OK]
  LUNAR        rep 1/10 fit=9.645s [OK]
  LUNAR        rep 2/10 fit=9.088s [OK]
  LUNAR        rep 3/10 fit=9.548s [OK]
  LUNAR        rep 4/10 fit=7.495s [OK]
  LUNAR        rep 5/10 fit=7.204s [OK]
  LUNAR        rep 6/10 fit=7.228s [OK]
  LUNAR        rep 7/10 fit=7.190s [OK]
  LUNAR        rep 8/10 fit=7.312s [OK]
  LUNAR        rep 9/10 fit=7.222s [OK]
  LUNAR        rep 10/10 fit=7.473s [OK]
  AutoEncoder  rep 1/10 fit=0.561s [OK]
  AutoEncoder  rep 2/10 fit=0.531s [OK]
  AutoEncoder  rep 3/10 fit=0.540s [OK]
  AutoEncoder  rep 4/10 fit=0.533s [OK]
  AutoEncoder  rep 5/10 fit=0.534s [OK]
  AutoEncoder  rep 6/10 fit=0.570s [OK]
  AutoEncoder  rep 7/10 fit=0.548s [OK]
  AutoEncoder  rep 8/10 fit=0.566s [OK]
  AutoEncoder  rep 9/10 fit=0.572s [OK]
  AutoEncoder  rep 10/10 fit=0.544s [OK]

==== n_250_rep1.csv (grid=n, cell=250, n=250, d=20) ====
  ECOD         rep 1/10 fit=0.001s [OK]
  ECOD         rep 2/10 fit=0.001s [OK]
  ECOD         rep 3/10 fit=0.001s [OK]
  ECOD         rep 4/10 fit=0.001s [OK]
  ECOD         rep 5/10 fit=0.001s [OK]
  ECOD         rep 6/10 fit=0.001s [OK]
  ECOD         rep 7/10 fit=0.001s [OK]
  ECOD         rep 8/10 fit=0.001s [OK]
  ECOD         rep 9/10 fit=0.001s [OK]
  ECOD         rep 10/10 fit=0.001s [OK]
  LUNAR        rep 1/10 fit=1.484s [OK]
  LUNAR        rep 2/10 fit=1.518s [OK]
  LUNAR        rep 3/10 fit=1.385s [OK]
  LUNAR        rep 4/10 fit=1.368s [OK]
  LUNAR        rep 5/10 fit=1.362s [OK]
  LUNAR        rep 6/10 fit=1.384s [OK]
  LUNAR        rep 7/10 fit=1.302s [OK]
  LUNAR        rep 8/10 fit=1.357s [OK]
  LUNAR        rep 9/10 fit=1.409s [OK]
  LUNAR        rep 10/10 fit=1.555s [OK]
  AutoEncoder  rep 1/10 fit=0.063s [OK]
  AutoEncoder  rep 2/10 fit=0.063s [OK]
  AutoEncoder  rep 3/10 fit=0.062s [OK]
  AutoEncoder  rep 4/10 fit=0.061s [OK]
  AutoEncoder  rep 5/10 fit=0.062s [OK]
  AutoEncoder  rep 6/10 fit=0.065s [OK]
  AutoEncoder  rep 7/10 fit=0.061s [OK]
  AutoEncoder  rep 8/10 fit=0.062s [OK]
  AutoEncoder  rep 9/10 fit=0.078s [OK]
  AutoEncoder  rep 10/10 fit=0.072s [OK]

==== n_4000_rep1.csv (grid=n, cell=4000, n=4000, d=20) ====
  ECOD         rep 1/10 fit=0.005s [OK]
  ECOD         rep 2/10 fit=0.004s [OK]
  ECOD         rep 3/10 fit=0.004s [OK]
  ECOD         rep 4/10 fit=0.005s [OK]
  ECOD         rep 5/10 fit=0.005s [OK]
  ECOD         rep 6/10 fit=0.004s [OK]
  ECOD         rep 7/10 fit=0.004s [OK]
  ECOD         rep 8/10 fit=0.004s [OK]
  ECOD         rep 9/10 fit=0.004s [OK]
  ECOD         rep 10/10 fit=0.004s [OK]
  LUNAR        rep 1/10 fit=14.481s [OK]
  LUNAR        rep 2/10 fit=14.582s [OK]
  LUNAR        rep 3/10 fit=14.589s [OK]
  LUNAR        rep 4/10 fit=14.473s [OK]
  LUNAR        rep 5/10 fit=14.651s [OK]
  LUNAR        rep 6/10 fit=14.644s [OK]
  LUNAR        rep 7/10 fit=14.618s [OK]
  LUNAR        rep 8/10 fit=14.465s [OK]
  LUNAR        rep 9/10 fit=14.952s [OK]
  LUNAR        rep 10/10 fit=14.655s [OK]
  AutoEncoder  rep 1/10 fit=1.091s [OK]
  AutoEncoder  rep 2/10 fit=1.067s [OK]
  AutoEncoder  rep 3/10 fit=1.078s [OK]
  AutoEncoder  rep 4/10 fit=1.094s [OK]
  AutoEncoder  rep 5/10 fit=1.116s [OK]
  AutoEncoder  rep 6/10 fit=1.075s [OK]
  AutoEncoder  rep 7/10 fit=1.065s [OK]
  AutoEncoder  rep 8/10 fit=1.071s [OK]
  AutoEncoder  rep 9/10 fit=1.078s [OK]
  AutoEncoder  rep 10/10 fit=1.073s [OK]

==== n_500_rep1.csv (grid=n, cell=500, n=500, d=20) ====
  ECOD         rep 1/10 fit=0.001s [OK]
  ECOD         rep 2/10 fit=0.001s [OK]
  ECOD         rep 3/10 fit=0.001s [OK]
  ECOD         rep 4/10 fit=0.001s [OK]
  ECOD         rep 5/10 fit=0.001s [OK]
  ECOD         rep 6/10 fit=0.001s [OK]
  ECOD         rep 7/10 fit=0.001s [OK]
  ECOD         rep 8/10 fit=0.001s [OK]
  ECOD         rep 9/10 fit=0.001s [OK]
  ECOD         rep 10/10 fit=0.001s [OK]
  LUNAR        rep 1/10 fit=2.114s [OK]
  LUNAR        rep 2/10 fit=2.322s [OK]
  LUNAR        rep 3/10 fit=2.147s [OK]
  LUNAR        rep 4/10 fit=2.279s [OK]
  LUNAR        rep 5/10 fit=2.139s [OK]
  LUNAR        rep 6/10 fit=2.109s [OK]
  LUNAR        rep 7/10 fit=2.155s [OK]
  LUNAR        rep 8/10 fit=2.116s [OK]
  LUNAR        rep 9/10 fit=2.256s [OK]
  LUNAR        rep 10/10 fit=2.101s [OK]
  AutoEncoder  rep 1/10 fit=0.130s [OK]
  AutoEncoder  rep 2/10 fit=0.128s [OK]
  AutoEncoder  rep 3/10 fit=0.127s [OK]
  AutoEncoder  rep 4/10 fit=0.130s [OK]
  AutoEncoder  rep 5/10 fit=0.128s [OK]
  AutoEncoder  rep 6/10 fit=0.127s [OK]
  AutoEncoder  rep 7/10 fit=0.129s [OK]
  AutoEncoder  rep 8/10 fit=0.132s [OK]
  AutoEncoder  rep 9/10 fit=0.128s [OK]
  AutoEncoder  rep 10/10 fit=0.130s [OK]

Done: 300 timed, 0 checkpoint-skipped, 0 failed.
[aggregate] wrote G:\Submissions\TR2\Pattern Recognition (Elsevier) - Resubmit\Cluster-Catch-Digraphs-for-Clustering-and-Outlier-Detection\revision_experiments\results\wp4_runtime_pyod.csv (30 rows)
